{"$schema":"http://json-schema.org/draft-07/schema#","$id":"https://example.com/golden/shim.json","title":"Shim","allOf":[{"$ref":"https://other.example/golden/shimmed.json"}],"definitions":{"kept":{"type":"null"},"https://other.example/golden/shimmed.json":{"$schema":"http://json-schema.org/draft-07/schema#","$id":"https://other.example/golden/shimmed.json","allOf":[{"$ref":"#/definitions/obj"}],"definitions":{"obj":{"type":"object","additionalProperties":{"$ref":"#/definitions/leaf"}},"leaf":{"type":"number"}}}}}
