{"$schema":"https://json-schema.org/draft/2020-12/schema","allOf":[{"$ref":"https://example.com/golden/doc.json#/$defs/item"}],"$defs":{"https://other.example/golden/2020/size.json":{"$schema":"https://json-schema.org/draft/2020-12/schema","$id":"https://other.example/golden/2020/size.json","type":"integer","minimum":0},"https://example.com/golden/doc.json":{"$schema":"https://json-schema.org/draft/2020-12/schema","$id":"https://example.com/golden/doc.json","type":"array","$defs":{"item":{"type":"object","properties":{"size":{"$ref":"https://other.example/golden/2020/size.json"}}}}}}}
